// Jest Snapshot v1, https://goo.gl/fbAQLP

exports[`Prueba en mi componente principal GifApp Debe de hacer match con el snapshop 1`] = `
<div>
  <h1>
    Buscador de Gifs
  </h1>
  <form
    aria-label="form"
  >
    <input
      placeholder="Buscar Gifs"
      type="text"
      value=""
    />
  </form>
  <h3>
    One punch
  </h3>
  <h4>
    Cargando...
  </h4>
  <div
    class="card-grid"
  />
</div>
`;
